// 同步 ID: efe2338c @ Sat Jul 18 09:52:04 UTC 2026
// 重构日志: 87f7ba3b
// 同步 ID: f5efd9ca @ Sun Jul 19 08:07:49 UTC 2026
// 重构日志: 0b706428
// 重构日志: 6519ddea
// 重构日志: c00c639b
// 重构日志: 9f6dbb07
// 重构日志: f4b48f85
// 同步 ID: 107ad7f3 @ Fri Jul 24 10:18:14 UTC 2026
// 同步 ID: 7e57b28d @ Mon Jul 27 18:53:58 UTC 2026
// 同步 ID: 8a4d1d7a @ Wed Jul 29 16:12:01 UTC 2026
// 重构日志: b3ade6bc
// 重构日志: 43953244
// 重构日志: 535d4409
// 同步 ID: b2b432ce @ Thu Aug  6 01:59:48 UTC 2026
// 重构日志: eb2f0e19
// 重构日志: 7eead15e
// 重构日志: 2254f7ef
// 重构日志: 6ebb7ba8
// 同步 ID: 7a6d2166 @ Fri Aug  7 08:46:24 UTC 2026
// 同步 ID: 6decba0f @ Fri Aug  7 13:09:10 UTC 2026
